latexml (LaTeXML version 0.8.8; revision ee4b3640) processing literal: + b = c$
(Digesting TeX Anonymous String...
(Loading D:/aipithicus/LaTeXAI/lib\LaTeXML/Engine/TeX.pool.ltxml...
(Loading D:/aipithicus/LaTeXAI/lib\LaTeXML/Engine/Base.pool.ltxml...
(Loading D:/aipithicus/LaTeXAI/lib\LaTeXML/Engine/Base_Schema.pool.ltxml... 0.00 sec)
(Loading D:/aipithicus/LaTeXAI/lib\LaTeXML/Engine/Base_ParameterTypes.pool.ltxml... 0.01 sec)
(Loading D:/aipithicus/LaTeXAI/lib\LaTeXML/Engine/Base_Utility.pool.ltxml... 0.03 sec)
(Loading D:/aipithicus/LaTeXAI/lib\LaTeXML/Engine/Base_XMath.pool.ltxml... 0.02 sec)
(Loading D:/aipithicus/LaTeXAI/lib\LaTeXML/Engine/TeX_Box.pool.ltxml... 0.01 sec)
(Loading D:/aipithicus/LaTeXAI/lib\LaTeXML/Engine/TeX_Character.pool.ltxml... 0.01 sec)
(Loading D:/aipithicus/LaTeXAI/lib\LaTeXML/Engine/TeX_Debugging.pool.ltxml... 0.00 sec)
(Loading D:/aipithicus/LaTeXAI/lib\LaTeXML/Engine/TeX_FileIO.pool.ltxml... 0.00 sec)
(Loading D:/aipithicus/LaTeXAI/lib\LaTeXML/Engine/TeX_Fonts.pool.ltxml... 0.01 sec)
(Loading D:/aipithicus/LaTeXAI/lib\LaTeXML/Engine/TeX_Glue.pool.ltxml... 0.00 sec)
(Loading D:/aipithicus/LaTeXAI/lib\LaTeXML/Engine/TeX_Hyphenation.pool.ltxml... 0.00 sec)
(Loading D:/aipithicus/LaTeXAI/lib\LaTeXML/Engine/TeX_Inserts.pool.ltxml... 0.00 sec)
(Loading D:/aipithicus/LaTeXAI/lib\LaTeXML/Engine/TeX_Job.pool.ltxml... 0.01 sec)
(Loading D:/aipithicus/LaTeXAI/lib\LaTeXML/Engine/TeX_Kern.pool.ltxml... 0.00 sec)
(Loading D:/aipithicus/LaTeXAI/lib\LaTeXML/Engine/TeX_Logic.pool.ltxml... 0.00 sec)
(Loading D:/aipithicus/LaTeXAI/lib\LaTeXML/Engine/TeX_Macro.pool.ltxml... 0.01 sec)
(Loading D:/aipithicus/LaTeXAI/lib\LaTeXML/Engine/TeX_Marks.pool.ltxml... 0.00 sec)
(Loading D:/aipithicus/LaTeXAI/lib\LaTeXML/Engine/TeX_Math.pool.ltxml... 0.02 sec)
(Loading D:/aipithicus/LaTeXAI/lib\LaTeXML/Engine/TeX_Page.pool.ltxml... 0.00 sec)
(Loading D:/aipithicus/LaTeXAI/lib\LaTeXML/Engine/TeX_Paragraph.pool.ltxml... 0.00 sec)
(Loading D:/aipithicus/LaTeXAI/lib\LaTeXML/Engine/TeX_Penalties.pool.ltxml... 0.00 sec)
(Loading D:/aipithicus/LaTeXAI/lib\LaTeXML/Engine/TeX_Registers.pool.ltxml... 0.00 sec)
(Loading D:/aipithicus/LaTeXAI/lib\LaTeXML/Engine/TeX_Tables.pool.ltxml... 0.01 sec)
(Loading D:/aipithicus/LaTeXAI/lib\LaTeXML/Engine/eTeX.pool.ltxml... 0.01 sec)
(Loading D:/aipithicus/LaTeXAI/lib\LaTeXML/Engine/pdfTeX.pool.ltxml... 0.01 sec)
(Loading D:/aipithicus/LaTeXAI/lib\LaTeXML/Engine/Base_Deprecated.pool.ltxml... 0.02 sec) 0.23 sec)
(Loading D:/aipithicus/LaTeXAI/lib\LaTeXML/Engine/plain_bootstrap.pool.ltxml... 0.00 sec)
(Loading D:/aipithicus/LaTeXAI/lib\LaTeXML/Engine/plain_base.pool.ltxml... 0.05 sec)
(Loading D:/aipithicus/LaTeXAI/lib\LaTeXML/Engine/plain_constructs.pool.ltxml...
(Loading D:/aipithicus/LaTeXAI/lib\LaTeXML/Engine/math_common.pool.ltxml... 0.03 sec) 0.04 sec) 0.32 sec)
(Processing content Literal String... 0.00 sec) 0.33 sec)
(Building...
(Loading compiled schema D:/aipithicus/LaTeXAI/lib\LaTeXML/resources/RelaxNG/LaTeXML.model... 0.02 sec) 0.05 sec)
(Rewriting... 0.00 sec)
(Finalizing... 0.00 sec)
Conversion complete: No obvious problems (reqd. 0.58s)
